2020/06/14 13:12:00 [emerg] 1#0: host not found in upstream "fpm" in /usr/local/openresty/nginx/conf/vhosts/test11.conf:16
2020/06/14 13:12:01 [emerg] 1#0: host not found in upstream "fpm" in /usr/local/openresty/nginx/conf/vhosts/test11.conf:16
2020/06/14 13:12:01 [emerg] 1#0: host not found in upstream "fpm" in /usr/local/openresty/nginx/conf/vhosts/test11.conf:16
2020/06/14 13:12:02 [emerg] 1#0: host not found in upstream "fpm" in /usr/local/openresty/nginx/conf/vhosts/test11.conf:16
2020/06/14 13:12:03 [emerg] 1#0: host not found in upstream "fpm" in /usr/local/openresty/nginx/conf/vhosts/test11.conf:16
2020/06/14 13:12:05 [emerg] 1#0: host not found in upstream "fpm" in /usr/local/openresty/nginx/conf/vhosts/test11.conf:16
2020/06/14 13:12:09 [emerg] 1#0: host not found in upstream "fpm" in /usr/local/openresty/nginx/conf/vhosts/test11.conf:16
2020/06/14 13:12:16 [emerg] 1#0: host not found in upstream "fpm" in /usr/local/openresty/nginx/conf/vhosts/test11.conf:16
2020/06/14 13:12:22 [emerg] 1#0: host not found in upstream "fpm" in /usr/local/openresty/nginx/conf/vhosts/test11.conf:16
2020/06/14 13:12:23 [emerg] 1#0: host not found in upstream "fpm" in /usr/local/openresty/nginx/conf/vhosts/test11.conf:16
2020/06/14 13:12:23 [emerg] 1#0: host not found in upstream "fpm" in /usr/local/openresty/nginx/conf/vhosts/test11.conf:16
2020/06/14 13:12:24 [emerg] 1#0: host not found in upstream "fpm" in /usr/local/openresty/nginx/conf/vhosts/test11.conf:16
2020/06/14 13:12:25 [emerg] 1#0: host not found in upstream "fpm" in /usr/local/openresty/nginx/conf/vhosts/test11.conf:16
2020/06/14 13:12:27 [emerg] 1#0: host not found in upstream "fpm" in /usr/local/openresty/nginx/conf/vhosts/test11.conf:16
2020/06/14 13:12:31 [emerg] 1#0: host not found in upstream "fpm" in /usr/local/openresty/nginx/conf/vhosts/test11.conf:16
2020/06/14 13:12:37 [emerg] 1#0: host not found in upstream "fpm" in /usr/local/openresty/nginx/conf/vhosts/test11.conf:16
2020/06/14 13:12:51 [emerg] 1#0: host not found in upstream "fpm" in /usr/local/openresty/nginx/conf/vhosts/test11.conf:16
2020/06/14 13:13:17 [emerg] 1#0: host not found in upstream "fpm" in /usr/local/openresty/nginx/conf/vhosts/test11.conf:16
2020/06/14 13:14:23 [error] 6#0: *2 recv() failed (104: Connection reset by peer) while reading response header from upstream, client: 172.19.0.1, server: dc.jinr.com, request: "GET /tz.php HTTP/1.1", upstream: "fastcgi://172.19.0.4:9000", host: "dc.jinr.com"
2020/06/14 13:14:25 [error] 6#0: *4 recv() failed (104: Connection reset by peer) while reading response header from upstream, client: 172.19.0.1, server: dc.jinr.com, request: "GET /tz.ph HTTP/1.1", upstream: "fastcgi://172.19.0.4:9000", host: "dc.jinr.com"
2020/06/14 13:14:28 [error] 6#0: *6 recv() failed (104: Connection reset by peer) while reading response header from upstream, client: 172.19.0.1, server: dc.jinr.com, request: "GET /tz HTTP/1.1", upstream: "fastcgi://172.19.0.4:9000", host: "dc.jinr.com"
2020/06/14 13:17:09 [error] 9#0: *2 recv() failed (104: Connection reset by peer) while reading response header from upstream, client: 172.20.0.1, server: dc.jinr.com, request: "GET /info.php HTTP/1.1", upstream: "fastcgi://172.20.0.4:9000", host: "dc.jinr.com"
2020/06/14 13:33:52 [error] 9#0: *2 recv() failed (104: Connection reset by peer) while reading response header from upstream, client: 172.21.0.1, server: dc.jinr.com, request: "GET /info.php HTTP/1.1", upstream: "fastcgi://172.21.0.3:9000", host: "dc.jinr.com"
2020/06/14 13:39:24 [error] 9#0: *1 recv() failed (104: Connection reset by peer) while reading response header from upstream, client: 172.25.0.1, server: dc.jinr.com, request: "GET /info.php HTTP/1.1", upstream: "fastcgi://172.25.0.3:9000", host: "dc.jinr.com"
2020/06/14 13:41:22 [emerg] 32#0: bind() to 0.0.0.0:80 failed (98: Address already in use)
2020/06/14 13:41:22 [emerg] 32#0: bind() to 0.0.0.0:80 failed (98: Address already in use)
2020/06/14 13:41:22 [emerg] 32#0: bind() to 0.0.0.0:80 failed (98: Address already in use)
2020/06/14 13:41:22 [emerg] 32#0: bind() to 0.0.0.0:80 failed (98: Address already in use)
2020/06/14 13:41:22 [emerg] 32#0: bind() to 0.0.0.0:80 failed (98: Address already in use)
2020/06/14 13:41:22 [emerg] 32#0: still could not bind()
2020/06/14 13:50:01 [error] 7#0: *2 upstream prematurely closed connection while reading response header from upstream, client: 172.25.0.1, server: dc.jinr.com, request: "GET /info.php HTTP/1.1", upstream: "fastcgi://172.16.208.156:9000", host: "dc.jinr.com"
2020/06/14 13:50:06 [error] 7#0: *4 upstream prematurely closed connection while reading response header from upstream, client: 172.25.0.1, server: dc.jinr.com, request: "GET /tz.php HTTP/1.1", upstream: "fastcgi://172.16.208.156:9000", host: "dc.jinr.com"
2020/06/14 14:29:12 [error] 7#0: *6 "/dev/null/index.html" is not found (20: Not a directory), client: 197.59.25.143, server: _, request: "GET / HTTP/1.1", host: "121.40.50.223:80"
2020/06/14 15:24:02 [error] 7#0: *7 "/dev/null/index.html" is not found (20: Not a directory), client: 172.105.89.161, server: _, request: "GET / HTTP/1.0"
2020/06/14 15:29:35 [error] 7#0: *8 open() "/dev/null/boaform/admin/formLogin" failed (20: Not a directory), client: 94.177.214.123, server: _, request: "POST /boaform/admin/formLogin HTTP/1.1", host: "121.40.50.223:80", referrer: "http://121.40.50.223:80/admin/login.asp"
2020/06/14 17:27:32 [error] 7#0: *11 open() "/dev/null/smb_scheduler/cdr.htm" failed (20: Not a directory), client: 139.205.177.88, server: _, request: "GET /smb_scheduler/cdr.htm HTTP/1.1", host: "121.40.50.223"
2020/06/14 17:27:32 [error] 7#0: *12 open() "/dev/null/goip/cron.htm" failed (20: Not a directory), client: 139.205.177.88, server: _, request: "GET /goip/cron.htm HTTP/1.1", host: "121.40.50.223"
2020/06/14 17:27:32 [error] 7#0: *13 "/dev/null/index.html" is not found (20: Not a directory), client: 139.205.177.88, server: _, request: "GET / HTTP/1.1", host: "121.40.50.223"
2020/06/14 17:27:32 [error] 7#0: *14 open() "/dev/null/index.html" failed (20: Not a directory), client: 139.205.177.88, server: _, request: "GET /index.html?findcli=-1 HTTP/1.1", host: "121.40.50.223"
2020/06/14 17:42:11 [error] 7#0: *15 "/dev/null/index.html" is not found (20: Not a directory), client: 58.217.159.82, server: _, request: "HEAD / HTTP/1.1", host: "121.40.50.223"
2020/06/14 17:42:11 [error] 7#0: *15 "/dev/null/index.html" is not found (20: Not a directory), client: 58.217.159.82, server: _, request: "GET / HTTP/1.1", host: "121.40.50.223"
2020/06/14 18:30:11 [error] 7#0: *17 "/dev/null/index.html" is not found (20: Not a directory), client: 5.32.145.152, server: _, request: "GET / HTTP/1.1", host: "121.40.50.223:80"
2020/06/14 18:42:00 [error] 7#0: *18 "/dev/null/index.html" is not found (20: Not a directory), client: 83.97.20.21, server: _, request: "GET / HTTP/1.0"
2020/06/14 18:46:53 [error] 7#0: *19 "/dev/null/index.html" is not found (20: Not a directory), client: 47.92.138.160, server: _, request: "GET / HTTP/1.1", host: "121.40.50.223"
2020/06/14 19:12:31 [error] 7#0: *20 "/dev/null/index.html" is not found (20: Not a directory), client: 172.104.108.109, server: _, request: "GET / HTTP/1.1", host: "121.40.50.223"
2020/06/14 19:38:05 [error] 7#0: *21 "/dev/null/index.html" is not found (20: Not a directory), client: 46.46.56.77, server: _, request: "GET / HTTP/1.1", host: "121.40.50.223:80"
2020/06/14 21:24:04 [error] 7#0: *26 open() "/dev/null/adv,/cgi-bin/weblogin.cgi" failed (20: Not a directory), client: 103.244.250.170, server: _, request: "GET /adv,/cgi-bin/weblogin.cgi?username=admin%27%3Bls%20%23&password=asdf HTTP/1.1", host: "127.0.0.1"
2020/06/14 21:47:28 [error] 7#0: *28 open() "/dev/null/cache/global/img/gs.gif" failed (20: Not a directory), client: 80.82.70.187, server: _, request: "GET http://www.baidu.com/cache/global/img/gs.gif HTTP/1.1", host: "www.baidu.com"
2020/06/14 21:57:39 [error] 7#0: *29 "/dev/null/index.html" is not found (20: Not a directory), client: 47.95.28.143, server: _, request: "GET / HTTP/1.0"
2020/06/14 23:40:16 [error] 7#0: *32 "/dev/null/index.html" is not found (20: Not a directory), client: 85.204.222.161, server: _, request: "GET / HTTP/1.1", host: "121.40.50.223:80"
2020/06/15 00:08:29 [error] 7#0: *34 "/dev/null/index.html" is not found (20: Not a directory), client: 201.71.34.121, server: _, request: "GET / HTTP/1.1", host: "121.40.50.223:80"
2020/06/15 00:14:22 [error] 7#0: *35 "/dev/null/index.html" is not found (20: Not a directory), client: 101.4.110.154, server: _, request: "GET / HTTP/1.1", host: "121.40.50.223"
2020/06/15 01:06:33 [error] 6#0: *2 upstream prematurely closed connection while reading response header from upstream, client: 172.29.0.1, server: dc.jinr.com, request: "GET /tz.php HTTP/1.1", upstream: "fastcgi://172.16.208.156:9000", host: "dc.jinr.com"
2020/06/15 01:06:44 [error] 6#0: *4 upstream prematurely closed connection while reading response header from upstream, client: 172.29.0.1, server: dc.jinr.com, request: "GET /1194 HTTP/1.1", upstream: "fastcgi://172.16.208.156:9000", host: "dc.jinr.com"
2020/06/15 01:13:14 [error] 9#0: *1 upstream prematurely closed connection while reading response header from upstream, client: 192.168.0.1, server: dc.jinr.com, request: "GET /tz.php HTTP/1.1", upstream: "fastcgi://172.16.208.156:9000", host: "dc.jinr.com"
2020/06/15 01:13:34 [error] 9#0: *4 upstream prematurely closed connection while reading response header from upstream, client: 192.168.0.1, server: dc.jinr.com, request: "GET /sljf/ HTTP/1.1", upstream: "fastcgi://172.16.208.156:9000", host: "dc.jinr.com"
2020/06/15 01:13:41 [error] 9#0: *6 upstream prematurely closed connection while reading response header from upstream, client: 192.168.0.1, server: dc.jinr.com, request: "GET /sljf HTTP/1.1", upstream: "fastcgi://172.16.208.156:9000", host: "dc.jinr.com"
2020/06/15 01:23:42 [error] 9#0: *8 FastCGI sent in stderr: "Primary script unknown" while reading response header from upstream, client: 192.168.0.1, server: dc.jinr.com, request: "GET /tz.php HTTP/1.1", upstream: "fastcgi://172.16.208.156:9000", host: "dc.jinr.com"
2020/06/15 01:23:52 [error] 9#0: *11 FastCGI sent in stderr: "Primary script unknown" while reading response header from upstream, client: 192.168.0.1, server: dc.jinr.com, request: "GET /info.php HTTP/1.1", upstream: "fastcgi://172.16.208.156:9000", host: "dc.jinr.com"
2020/06/15 01:30:20 [error] 6#0: *2 FastCGI sent in stderr: "Primary script unknown" while reading response header from upstream, client: 192.168.0.1, server: dc.jinr.com, request: "GET /tz.php HTTP/1.1", upstream: "fastcgi://192.168.0.4:9000", host: "dc.jinr.com"
2020/06/15 01:34:37 [error] 6#0: *4 FastCGI sent in stderr: "Primary script unknown" while reading response header from upstream, client: 192.168.0.1, server: dc.jinr.com, request: "GET /tz.php HTTP/1.1", upstream: "fastcgi://192.168.0.4:9000", host: "dc.jinr.com"
2020/06/15 02:00:46 [error] 6#0: *1 FastCGI sent in stderr: "Primary script unknown" while reading response header from upstream, client: 192.168.0.1, server: dc.jinr.com, request: "GET /tz.php HTTP/1.1", upstream: "fastcgi://192.168.0.5:9000", host: "dc.jinr.com"
2020/06/15 02:11:57 [error] 7#0: *2 FastCGI sent in stderr: "Primary script unknown" while reading response header from upstream, client: 192.168.0.1, server: dc.jinr.com, request: "GET /info.php HTTP/1.1", upstream: "fastcgi://192.168.0.5:9000", host: "dc.jinr.com"
2020/06/15 02:20:11 [error] 7#0: *4 FastCGI sent in stderr: "Primary script unknown" while reading response header from upstream, client: 192.168.0.1, server: dc.jinr.com, request: "GET /info.php HTTP/1.1", upstream: "fastcgi://192.168.0.5:9000", host: "dc.jinr.com"
2020/06/15 02:26:27 [error] 7#0: *6 open() "/dev/null/boaform/admin/formLogin" failed (20: Not a directory), client: 94.177.214.123, server: _, request: "POST /boaform/admin/formLogin HTTP/1.1", host: "121.40.50.223:80", referrer: "http://121.40.50.223:80/admin/login.asp"
2020/06/15 02:29:05 [error] 7#0: *7 open() "/dev/null/admin/login.asp" failed (20: Not a directory), client: 183.15.179.43, server: _, request: "GET /admin/login.asp HTTP/1.1", host: "121.40.50.223"
2020/06/15 02:29:05 [error] 7#0: *7 open() "/dev/null/favicon.ico" failed (20: Not a directory), client: 183.15.179.43, server: _, request: "GET /favicon.ico HTTP/1.1", host: "121.40.50.223", referrer: "http://121.40.50.223/admin/login.asp"
2020/06/15 02:29:56 [error] 7#0: *7 open() "/dev/null/tz.php" failed (20: Not a directory), client: 183.15.179.43, server: _, request: "GET /tz.php HTTP/1.1", host: "121.40.50.223"
2020/06/15 02:30:01 [error] 7#0: *7 "/dev/null/index.html" is not found (20: Not a directory), client: 183.15.179.43, server: _, request: "GET / HTTP/1.1", host: "121.40.50.223"
2020/06/15 02:30:04 [error] 7#0: *7 "/dev/null/index.html" is not found (20: Not a directory), client: 183.15.179.43, server: _, request: "GET / HTTP/1.1", host: "121.40.50.223"
2020/06/15 02:38:30 [error] 7#0: *2 FastCGI sent in stderr: "Primary script unknown" while reading response header from upstream, client: 192.168.0.1, server: dc.jinr.com, request: "GET /tz.php HTTP/1.1", upstream: "fastcgi://192.168.0.5:9000", host: "dc.jinr.com"
2020/06/15 02:43:26 [error] 7#0: *4 FastCGI sent in stderr: "Primary script unknown" while reading response header from upstream, client: 192.168.0.1, server: dc.jinr.com, request: "GET /info.php HTTP/1.1", upstream: "fastcgi://192.168.0.5:9000", host: "dc.jinr.com"
2020/06/15 02:47:59 [error] 7#0: *1 FastCGI sent in stderr: "Primary script unknown" while reading response header from upstream, client: 192.168.0.1, server: dc.jinr.com, request: "GET /info.php HTTP/1.1", upstream: "fastcgi://192.168.0.5:9000", host: "dc.jinr.com"
2020/06/15 02:56:10 [error] 6#0: *4 open() "/app/favicon.ico" failed (2: No such file or directory), client: 183.15.179.43, server: dc.jinr.com, request: "GET /favicon.ico HTTP/1.1", host: "dc.jinr.com", referrer: "http://dc.jinr.com/"
2020/06/15 03:05:23 [error] 9#0: *1 connect() failed (111: Connection refused) while connecting to upstream, client: 183.15.179.43, server: dc.jinr.com, request: "GET /tz.php?act=rt&callback=jQuery1707520911947511855_1592189820755&_=1592190322531 HTTP/1.1", upstream: "fastcgi://192.168.0.5:9000", host: "dc.jinr.com", referrer: "http://dc.jinr.com/tz.php"
2020/06/15 03:05:23 [error] 9#0: *3 connect() failed (111: Connection refused) while connecting to upstream, client: 183.15.179.43, server: dc.jinr.com, request: "GET /tz.php?act=rt&callback=jQuery1707520911947511855_1592189820756&_=1592190323533 HTTP/1.1", upstream: "fastcgi://192.168.0.5:9000", host: "dc.jinr.com", referrer: "http://dc.jinr.com/tz.php"
2020/06/15 03:05:24 [error] 9#0: *3 connect() failed (111: Connection refused) while connecting to upstream, client: 183.15.179.43, server: dc.jinr.com, request: "GET /tz.php?act=rt&callback=jQuery1707520911947511855_1592189820757&_=1592190324534 HTTP/1.1", upstream: "fastcgi://192.168.0.5:9000", host: "dc.jinr.com", referrer: "http://dc.jinr.com/tz.php"
2020/06/15 03:05:25 [error] 9#0: *3 connect() failed (111: Connection refused) while connecting to upstream, client: 183.15.179.43, server: dc.jinr.com, request: "GET /tz.php?act=rt&callback=jQuery1707520911947511855_1592189820758&_=1592190325536 HTTP/1.1", upstream: "fastcgi://192.168.0.5:9000", host: "dc.jinr.com", referrer: "http://dc.jinr.com/tz.php"
2020/06/15 03:05:26 [error] 9#0: *3 connect() failed (111: Connection refused) while connecting to upstream, client: 183.15.179.43, server: dc.jinr.com, request: "GET /tz.php?act=rt&callback=jQuery1707520911947511855_1592189820759&_=1592190326537 HTTP/1.1", upstream: "fastcgi://192.168.0.5:9000", host: "dc.jinr.com", referrer: "http://dc.jinr.com/tz.php"
2020/06/15 03:05:27 [error] 9#0: *3 connect() failed (111: Connection refused) while connecting to upstream, client: 183.15.179.43, server: dc.jinr.com, request: "GET /tz.php?act=rt&callback=jQuery1707520911947511855_1592189820760&_=1592190327538 HTTP/1.1", upstream: "fastcgi://192.168.0.5:9000", host: "dc.jinr.com", referrer: "http://dc.jinr.com/tz.php"
2020/06/15 03:05:28 [error] 9#0: *3 connect() failed (111: Connection refused) while connecting to upstream, client: 183.15.179.43, server: dc.jinr.com, request: "GET /tz.php?act=rt&callback=jQuery1707520911947511855_1592189820761&_=1592190328539 HTTP/1.1", upstream: "fastcgi://192.168.0.5:9000", host: "dc.jinr.com", referrer: "http://dc.jinr.com/tz.php"
2020/06/15 03:05:28 [error] 9#0: *3 connect() failed (111: Connection refused) while connecting to upstream, client: 183.15.179.43, server: dc.jinr.com, request: "GET /tz.php HTTP/1.1", upstream: "fastcgi://192.168.0.5:9000", host: "dc.jinr.com"
2020/06/15 03:05:39 [error] 9#0: *3 connect() failed (111: Connection refused) while connecting to upstream, client: 183.15.179.43, server: dc.jinr.com, request: "GET /info.php HTTP/1.1", upstream: "fastcgi://192.168.0.5:9000", host: "dc.jinr.com"
2020/06/15 03:06:20 [error] 9#0: *3 connect() failed (111: Connection refused) while connecting to upstream, client: 183.15.179.43, server: dc.jinr.com, request: "GET /info.php HTTP/1.1", upstream: "fastcgi://192.168.0.5:9000", host: "dc.jinr.com"
2020/06/15 03:06:30 [error] 9#0: *3 connect() failed (111: Connection refused) while connecting to upstream, client: 183.15.179.43, server: dc.jinr.com, request: "GET /info.php HTTP/1.1", upstream: "fastcgi://192.168.0.5:9000", host: "dc.jinr.com"
